../Core/Src/main.c:106:6:serial_printf	16	static
../Core/Src/main.c:112:6:HAL_Delay_us	16	static
../Core/Src/main.c:123:5:main	248	static
../Core/Src/main.c:476:6:SystemClock_Config	88	static
../Core/Src/main.c:523:13:MX_TIM2_Init	64	static
../Core/Src/main.c:582:13:MX_TIM3_Init	48	static
../Core/Src/main.c:644:13:MX_USART3_UART_Init	8	static
../Core/Src/main.c:677:13:MX_USB_OTG_FS_PCD_Init	8	static
../Core/Src/main.c:711:13:MX_DMA_Init	16	static
../Core/Src/main.c:732:13:MX_GPIO_Init	64	static
../Core/Src/main.c:802:6:HAL_TIM_IC_CaptureCallback	16	static
../Core/Src/main.c:866:7:HCSR04_Read	24	static
../Core/Src/main.c:894:6:Error_Handler	4	static,ignoring_inline_asm
